\BOOKMARK [0][-]{chapter*.1}{\376\377\144\130\000\040\211\201}{}% 1
\BOOKMARK [0][-]{chapter*.2}{\376\377\000A\000B\000S\000T\000R\000A\000C\000T}{}% 2
\BOOKMARK [0][-]{chapter.1}{\376\377\176\352\213\272}{}% 3
\BOOKMARK [1][-]{section.1.1}{\376\377\170\024\172\166\200\314\146\157\116\016\141\017\116\111}{chapter.1}% 4
\BOOKMARK [1][-]{section.1.2}{\376\377\126\375\121\205\131\026\170\024\172\166\163\260\162\266}{chapter.1}% 5
\BOOKMARK [1][-]{section.1.3}{\376\377\147\054\145\207\116\073\211\201\135\345\117\134}{chapter.1}% 6
\BOOKMARK [1][-]{section.1.4}{\376\377\213\272\145\207\176\304\176\307\176\323\147\204}{chapter.1}% 7
\BOOKMARK [0][-]{chapter.2}{\376\377\153\325\116\032\213\276\213\241\166\370\121\163\121\163\225\056\142\200\147\057}{}% 8
\BOOKMARK [1][-]{section.2.1}{\376\377\150\021\203\223\155\076\145\340\131\064\152\041\137\017}{chapter.2}% 9
\BOOKMARK [1][-]{section.2.2}{\376\377\116\272\201\070\150\300\155\113\116\016\213\306\122\053\142\200\147\057}{chapter.2}% 10
\BOOKMARK [2][-]{subsection.2.2.1}{\376\377\000O\000p\000e\000n\000C\000V\000\040\000Y\000u\000N\000e\000t\000\040\116\272\201\070\150\300\155\113\152\041\127\213}{section.2.2}% 11
\BOOKMARK [2][-]{subsection.2.2.2}{\376\377\000O\000p\000e\000n\000C\000V\000\040\000S\000F\000a\000c\000e\000\040\162\171\137\201\143\320\123\326\152\041\127\213}{section.2.2}% 12
\BOOKMARK [2][-]{subsection.2.2.3}{\376\377\000O\000p\000e\000n\000V\000I\000N\000O\000\040\155\073\117\123\150\300\155\113\142\200\147\057}{section.2.2}% 13
\BOOKMARK [1][-]{section.2.3}{\376\377\000F\000a\000s\000t\000A\000P\000I\060\001\000J\000i\000n\000j\000a\0002\000\040\116\016\000\040\000B\000o\000o\000t\000s\000t\000r\000a\000p}{chapter.2}% 14
\BOOKMARK [1][-]{section.2.4}{\376\377\000S\000Q\000L\000i\000t\000e\000\040\145\160\143\156\136\223}{chapter.2}% 15
\BOOKMARK [1][-]{section.2.5}{\376\377\000T\000a\000i\000l\000s\000c\000a\000l\000e\000\040\217\334\172\013\173\241\164\006\177\121\176\334}{chapter.2}% 16
\BOOKMARK [0][-]{chapter.3}{\376\377\174\373\176\337\227\000\154\102\122\006\147\220}{}% 17
\BOOKMARK [1][-]{section.3.1}{\376\377\227\000\154\102\122\006\147\220\151\202\217\360}{chapter.3}% 18
\BOOKMARK [1][-]{section.3.2}{\376\377\174\373\176\337\123\302\116\016\200\005\116\016\116\032\122\241\217\271\165\114}{chapter.3}% 19
\BOOKMARK [1][-]{section.3.3}{\376\377\122\237\200\375\227\000\154\102\122\006\147\220}{chapter.3}% 20
\BOOKMARK [1][-]{section.3.4}{\376\377\227\136\122\237\200\375\227\000\154\102\122\006\147\220}{chapter.3}% 21
\BOOKMARK [0][-]{chapter.4}{\376\377\174\373\176\337\213\276\213\241}{}% 22
\BOOKMARK [1][-]{section.4.1}{\376\377\174\373\176\337\140\073\117\123\147\266\147\204\213\276\213\241}{chapter.4}% 23
\BOOKMARK [1][-]{section.4.2}{\376\377\174\373\176\337\150\070\137\303\122\237\200\375\213\276\213\241}{chapter.4}% 24
\BOOKMARK [2][-]{subsection.4.2.1}{\376\377\116\272\201\070\154\350\121\214\133\241\150\070}{section.4.2}% 25
\BOOKMARK [2][-]{subsection.4.2.2}{\376\377\150\021\203\223\155\076\172\357\116\272\201\070\213\306\122\053\116\016\155\073\117\123\150\300\155\113}{section.4.2}% 26
\BOOKMARK [1][-]{section.4.3}{\376\377\145\160\143\156\136\223\116\016\143\245\123\343\123\117\124\014\213\276\213\241}{chapter.4}% 27
\BOOKMARK [0][-]{chapter.5}{\376\377\174\373\176\337\122\237\200\375\133\236\163\260\116\016\155\113\213\325\122\006\147\220}{}% 28
\BOOKMARK [1][-]{section.5.1}{\376\377\174\373\176\337\217\320\210\114\163\257\130\203\116\016\221\115\177\156}{chapter.5}% 29
\BOOKMARK [2][-]{subsection.5.1.1}{\376\377\150\021\203\223\155\076\170\154\116\366\116\016\174\373\176\337\163\257\130\203}{section.5.1}% 30
\BOOKMARK [2][-]{subsection.5.1.2}{\376\377\150\021\203\223\155\076\124\016\172\357\221\115\177\156}{section.5.1}% 31
\BOOKMARK [2][-]{subsection.5.1.3}{\376\377\150\021\203\223\155\076\122\115\172\357\221\115\177\156}{section.5.1}% 32
\BOOKMARK [2][-]{subsection.5.1.4}{\376\377\000W\000i\000n\000d\000o\000w\000s\173\241\164\006\172\357\221\115\177\156}{section.5.1}% 33
\BOOKMARK [1][-]{section.5.2}{\376\377\221\115\177\156\173\241\164\006\116\016\147\054\127\060\143\001\116\105\123\026\133\236\163\260}{chapter.5}% 34
\BOOKMARK [1][-]{section.5.3}{\376\377\165\050\142\067\225\350\142\067\116\016\154\350\121\214\221\307\226\306\133\236\163\260}{chapter.5}% 35
\BOOKMARK [1][-]{section.5.4}{\376\377\150\021\203\223\155\076\117\247\116\272\201\070\213\306\122\053\116\016\200\003\122\344\121\231\121\145\133\236\163\260}{chapter.5}% 36
\BOOKMARK [1][-]{section.5.5}{\376\377\173\241\164\006\124\130\143\245\123\343\116\016\217\334\172\013\173\241\164\006\133\236\163\260}{chapter.5}% 37
\BOOKMARK [1][-]{section.5.6}{\376\377\155\113\213\325\217\307\172\013\116\016\176\323\147\234\122\006\147\220}{chapter.5}% 38
\BOOKMARK [0][-]{chapter*.37}{\376\377\176\323\213\272}{}% 39
\BOOKMARK [0][-]{chapter*.38}{\376\377\123\302\200\003\145\207\163\056}{}% 40
\BOOKMARK [0][-]{chapter*.40}{\376\377\145\073\213\373\133\146\130\353\133\146\117\115\147\037\225\364\123\321\210\150\166\204\213\272\145\207\124\214\123\326\137\227\166\204\171\321\170\024\142\020\147\234}{}% 41
\BOOKMARK [0][-]{chapter*.41}{\376\377\201\364\214\042}{}% 42
